[
["slaw", "ak slawt lebe"],
["garanawa la trabzon", "وادیارە کە ترابزۆنت بە دڵ نەبوو سێرێکی ئەنتاڵیا بکە بزانە دڵت دەگرێ"],
["halaw", "halaw ahlen baxer beyt"],
["hi", "hi w halaw barez gyan"],
["hey", "heya bka ba kurdy malt awa be enja baxer bey"],
["sup", "wassup man bas kaka ema ba kurdy adweyn leman magra"],
["chony", "to bash be ema bashyn"],
["choney", "to bash be ema bashyn"],
["سلاو", "سڵاو ئەم کاتەو باش بەخێر بێی"],
["سەلام", "سەلامون عەلەیک ئەم کاتەو باش بەخێر بێی"],
["سڵاو", "سڵاو ئەم کاتەو باش بەخێر بێی"],
["chone", "to bash be ema bashyn"],
["choni", "to bash be ema bashyn"],
["howdy", "kwra kaka how are you to chony baxer bey"],
["garanawa la istanbul", "وادیارە کە ئیستەنبوڵت بە دڵ نەبوو ،بەڵام خۆ کەس نەیوتوە کە شارەکانی کەو بە دڵ نابێ"],
["garanawa la fer bwn darbaray turkya", "ئەم جارەش بەخێر, بێیتەوە هیوا دارم ئامۆژگاریەکان و پێشنیارەکانی موونڵاینت بە دڵ بوو بێت"],
["garanawa la antalya", "لە وانەیە ئەنتاڵیاو بە دڵ نەبووبێ ناحاقو ناگرم هۆتێلی گرانە ،شارێکی کە تاقی بکەوە "]
]
